../Core/Src/can_spi.c:37:6:canspi_Init	8	static
../Core/Src/can_spi.c:45:9:canspi_MessagesInBuffer	16	static
../Core/Src/can_spi.c:75:9:canspi_TransmitMessage	56	static
../Core/Src/can_spi.c:129:9:canspi_ReceiveMessage	64	static
../Core/Src/can_spi.c:196:6:canspi_ConvertRegToID	24	static
../Core/Src/can_spi.c:229:6:canspi_ConvertIDToReg	24	static
../Core/Src/can_spi.c:258:6:canspi_CanLoopTest	72	static
../Core/Src/can_spi.c:334:6:canspi_idCheck	56	static
../Core/Src/can_spi.c:370:6:canspi_ReadTxRegisterPrint	40	static
../Core/Src/can_spi.c:450:6:printRegister	48	static
