../Core/Src/can_spi.c:42:6:canspi_Init	8	static
../Core/Src/can_spi.c:67:9:canspi_MessagesInBuffer	16	static
../Core/Src/can_spi.c:97:9:canspi_TransmitMessage	56	static
../Core/Src/can_spi.c:151:9:canspi_ReceiveMessage	48	static
../Core/Src/can_spi.c:212:6:canspi_ConvertRegToID	24	static
../Core/Src/can_spi.c:245:6:canspi_ConvertIDToReg	24	static
../Core/Src/can_spi.c:274:6:canspi_CanLoopTest	72	static
../Core/Src/can_spi.c:350:6:canspi_idCheck	56	static
../Core/Src/can_spi.c:386:6:canspi_ReadTxRegisterPrint	48	static
../Core/Src/can_spi.c:461:6:printRegister	48	static
../Core/Src/can_spi.c:485:6:canspi_ReadRegIdPrint	72	static
../Core/Src/can_spi.c:511:6:testRegisterWrite	56	static
../Core/Src/can_spi.c:576:6:canspi_ReadRx0RegisterPrint	48	static
../Core/Src/can_spi.c:616:6:canspi_ReadRx1RegisterPrint	48	static
