../Core/Src/can_spi.c:42:6:canspi_Init	8	static
../Core/Src/can_spi.c:81:9:canspi_MessagesInBuffer	16	static
../Core/Src/can_spi.c:111:9:canspi_TransmitMessage	56	static
../Core/Src/can_spi.c:163:9:canspi_ReceiveMessage	48	static
../Core/Src/can_spi.c:262:6:canspi_ConvertRegToID	24	static
../Core/Src/can_spi.c:295:6:canspi_ConvertIDToReg	24	static
../Core/Src/can_spi.c:349:6:canspi_CanLoopTest	72	static
../Core/Src/can_spi.c:421:6:canspi_printTxRxErrorReg	40	static
../Core/Src/can_spi.c:442:6:canspi_ReadTxRegisterPrint	48	static
../Core/Src/can_spi.c:517:6:printRegister	48	static
../Core/Src/can_spi.c:541:6:canspi_ReadRegIdPrint	72	static
../Core/Src/can_spi.c:567:6:testRegisterWrite	56	static
../Core/Src/can_spi.c:632:6:canspi_ReadRx0RegisterPrint	48	static
../Core/Src/can_spi.c:672:6:canspi_ReadRx1RegisterPrint	48	static
../Core/Src/can_spi.c:712:6:test_PrintTXnCtrl	56	static
../Core/Src/can_spi.c:743:6:test_print_ID	48	static
../Core/Src/can_spi.c:776:6:MCP_test_loopback_function	80	static
