../Core/Src/can_spi.c:42:6:canspi_Init	8	static
../Core/Src/can_spi.c:50:9:canspi_MessagesInBuffer	16	static
../Core/Src/can_spi.c:80:9:canspi_TransmitMessage	56	static
../Core/Src/can_spi.c:134:9:canspi_ReceiveMessage	64	static
../Core/Src/can_spi.c:201:6:canspi_ConvertRegToID	24	static
../Core/Src/can_spi.c:234:6:canspi_ConvertIDToReg	24	static
../Core/Src/can_spi.c:263:6:canspi_CanLoopTest	72	static
../Core/Src/can_spi.c:339:6:canspi_idCheck	56	static
../Core/Src/can_spi.c:375:6:canspi_ReadTxRegisterPrint	48	static
../Core/Src/can_spi.c:450:6:printRegister	48	static
../Core/Src/can_spi.c:474:6:testRegisterWrite	56	static
