../Core/Src/j1939.c:79:6:j1939_user_init	16	static
../Core/Src/j1939.c:90:6:j1939_AddMessageToTable	24	static
../Core/Src/j1939.c:106:6:j1939_PullMessageFromTable	32	static
../Core/Src/j1939.c:130:6:j1939_AnyNewMessages	16	static
../Core/Src/j1939.c:145:6:j1939_TxSendPacket	56	static
../Core/Src/j1939.c:174:6:j1939_RxReceivePacket	8	static
../Core/Src/j1939.c:179:6:j1939_PGNCompare	24	static
../Core/Src/j1939.c:192:6:test_circ_buf	40	static
../Core/Src/j1939.c:217:6:canspi_CanLoopTest	72	static
