../Core/Src/mcp2515.c:33:6:MCP2515_Init	8	static
../Core/Src/mcp2515.c:48:6:MCP2515_SetConfigurationMode	16	static
../Core/Src/mcp2515.c:72:6:MCP2515_SetNormalMode	16	static
../Core/Src/mcp2515.c:97:6:MCP2515_SetLoopbackMode	16	static
../Core/Src/mcp2515.c:122:6:MCP2515_WriteByte	16	static
../Core/Src/mcp2515.c:146:6:MCP2515_WriteMultipleByte	16	static
../Core/Src/mcp2515.c:171:6:MCP2515_WriteTxBuffer	16	static
../Core/Src/mcp2515.c:191:9:MCP2515_ReadByte	24	static
../Core/Src/mcp2515.c:216:6:MCP2515_ReadMultipleBytes	16	static
../Core/Src/mcp2515.c:242:6:MCP2515_ReadRxBuffer	16	static
../Core/Src/mcp2515.c:263:9:MCP2515_GetRxStatus	16	static
../Core/Src/mcp2515.c:296:9:MCP2515_GetReadStatus	16	static
../Core/Src/mcp2515.c:312:13:SPI_Tx	16	static
../Core/Src/mcp2515.c:318:13:SPI_TxBuffer	16	static
../Core/Src/mcp2515.c:324:16:SPI_Rx	16	static
../Core/Src/mcp2515.c:332:13:SPI_RxBuffer	16	static
