../Core/Src/mcp2515.c:39:6:MCP2515_Init	8	static
../Core/Src/mcp2515.c:60:6:MCP2515_SetConfigurationMode	16	static
../Core/Src/mcp2515.c:84:6:MCP2515_SetNormalMode	16	static
../Core/Src/mcp2515.c:109:6:MCP2515_SetLoopbackMode	24	static
../Core/Src/mcp2515.c:141:6:MCP2515_WriteByte	16	static
../Core/Src/mcp2515.c:165:6:MCP2515_WriteMultipleBytes	16	static
../Core/Src/mcp2515.c:190:6:MCP2515_WriteTxBuffer	16	static
../Core/Src/mcp2515.c:210:9:MCP2515_ReadByte	24	static
../Core/Src/mcp2515.c:235:6:MCP2515_ReadMultipleBytes	16	static
../Core/Src/mcp2515.c:261:6:MCP2515_ReadRxBuffer	16	static
../Core/Src/mcp2515.c:288:13:MCP2515_GetRxStatus	16	static
../Core/Src/mcp2515.c:324:15:MCP2515_GetControlStatus	16	static
../Core/Src/mcp2515.c:349:13:SPI_Tx	24	static
../Core/Src/mcp2515.c:378:13:SPI_TxBuffer	16	static
../Core/Src/mcp2515.c:394:16:SPI_Rx	16	static
../Core/Src/mcp2515.c:426:13:SPI_RxBuffer	16	static
