../Core/Src/mcp2515.c:29:6:MCP_test_function	16	static
../Core/Src/mcp2515.c:71:6:MCP2515_Init	8	static
../Core/Src/mcp2515.c:92:6:MCP2515_SetConfigurationMode	16	static
../Core/Src/mcp2515.c:116:6:MCP2515_SetNormalMode	16	static
../Core/Src/mcp2515.c:141:6:MCP2515_SetLoopbackMode	16	static
../Core/Src/mcp2515.c:168:6:MCP2515_WriteByte	16	static
../Core/Src/mcp2515.c:192:6:MCP2515_WriteMultipleBytes	16	static
../Core/Src/mcp2515.c:217:6:MCP2515_WriteTxBuffer	16	static
../Core/Src/mcp2515.c:237:9:MCP2515_ReadByte	24	static
../Core/Src/mcp2515.c:262:6:MCP2515_ReadMultipleBytes	16	static
../Core/Src/mcp2515.c:288:6:MCP2515_ReadRxBuffer	16	static
../Core/Src/mcp2515.c:315:13:MCP2515_GetRxStatus	16	static
../Core/Src/mcp2515.c:351:15:MCP2515_GetControlStatus	16	static
../Core/Src/mcp2515.c:376:13:SPI_Tx	16	static
../Core/Src/mcp2515.c:394:13:SPI_TxBuffer	16	static
../Core/Src/mcp2515.c:410:16:SPI_Rx	16	static
../Core/Src/mcp2515.c:431:13:SPI_RxBuffer	16	static
