../Core/Src/mcp2515.c:29:6:MCP_test_function	16	static
../Core/Src/mcp2515.c:76:6:MCP2515_Init	8	static
../Core/Src/mcp2515.c:97:6:MCP2515_SetConfigurationMode	16	static
../Core/Src/mcp2515.c:121:6:MCP2515_SetNormalMode	16	static
../Core/Src/mcp2515.c:146:6:MCP2515_SetLoopbackMode	16	static
../Core/Src/mcp2515.c:173:6:MCP2515_WriteByte	16	static
../Core/Src/mcp2515.c:197:6:MCP2515_WriteMultipleBytes	16	static
../Core/Src/mcp2515.c:222:6:MCP2515_WriteTxBuffer	16	static
../Core/Src/mcp2515.c:242:9:MCP2515_ReadByte	24	static
../Core/Src/mcp2515.c:267:6:MCP2515_ReadMultipleBytes	16	static
../Core/Src/mcp2515.c:293:6:MCP2515_ReadRxBuffer	16	static
../Core/Src/mcp2515.c:320:13:MCP2515_GetRxStatus	16	static
../Core/Src/mcp2515.c:356:15:MCP2515_GetControlStatus	16	static
../Core/Src/mcp2515.c:381:13:SPI_Tx	16	static
../Core/Src/mcp2515.c:399:13:SPI_TxBuffer	16	static
../Core/Src/mcp2515.c:415:16:SPI_Rx	16	static
../Core/Src/mcp2515.c:436:13:SPI_RxBuffer	16	static
