../Core/Src/mcp2515.c:33:6:MCP_test_function	16	static
../Core/Src/mcp2515.c:92:6:MCP2515_Init	8	static
../Core/Src/mcp2515.c:115:6:MCP2515_SetConfigurationMode	16	static
../Core/Src/mcp2515.c:139:6:MCP2515_SetNormalMode	16	static
../Core/Src/mcp2515.c:164:6:MCP2515_SetLoopbackMode	24	static
../Core/Src/mcp2515.c:197:6:MCP2515_WriteByte	16	static
../Core/Src/mcp2515.c:221:6:MCP2515_WriteMultipleBytes	16	static
../Core/Src/mcp2515.c:246:6:MCP2515_WriteTxBuffer	24	static
../Core/Src/mcp2515.c:267:9:MCP2515_ReadByte	24	static
../Core/Src/mcp2515.c:292:6:MCP2515_ReadMultipleBytes	16	static
../Core/Src/mcp2515.c:318:6:MCP2515_ReadRxBuffer	16	static
../Core/Src/mcp2515.c:345:13:MCP2515_GetRxStatus	16	static
../Core/Src/mcp2515.c:381:15:MCP2515_GetControlStatus	16	static
../Core/Src/mcp2515.c:406:13:SPI_Tx	16	static
../Core/Src/mcp2515.c:424:13:SPI_TxBuffer	16	static
../Core/Src/mcp2515.c:440:16:SPI_Rx	16	static
../Core/Src/mcp2515.c:461:13:SPI_RxBuffer	16	static
